// Jest Snapshot v1, https://goo.gl/fbAQLP

exports[`Details test matches a snapshot 1`] = `
<h2>
  Oops! Server seems to be down try again after some time
</h2>
`;
