// Jest Snapshot v1, https://goo.gl/fbAQLP

exports[`App test matches a snapshot 1`] = `
<h2>
  No result found for your search
</h2>
`;
